round 3: do any of 0 LoRA(s) improve the chosen stack?
brief: A clockwork heroine with luminous pink hair and a brass filigree collar, brass and copper plating at the shoulders, warm amber workshop light, cinematic portrait, intricate detail
matrix: {"models": ["darkBeast30BF16INT8_dbzit9DIMRclaw.safetensors", "zImageUltimateNSFW_v20.safetensors"], "lora_sets": [[]], "seeds": [7777, 1234, 9090]}
Applied providers: ['CPUExecutionProvider'], with options: {'CPUExecutionProvider': {}}
find model: C:\Users\Barrul/.insightface\models\buffalo_l\1k3d68.onnx landmark_3d_68 ['None', 3, 192, 192] 0.0 1.0
Applied providers: ['CPUExecutionProvider'], with options: {'CPUExecutionProvider': {}}
find model: C:\Users\Barrul/.insightface\models\buffalo_l\2d106det.onnx landmark_2d_106 ['None', 3, 192, 192] 0.0 1.0
Applied providers: ['CPUExecutionProvider'], with options: {'CPUExecutionProvider': {}}
find model: C:\Users\Barrul/.insightface\models\buffalo_l\det_10g.onnx detection [1, 3, '?', '?'] 127.5 128.0
Applied providers: ['CPUExecutionProvider'], with options: {'CPUExecutionProvider': {}}
find model: C:\Users\Barrul/.insightface\models\buffalo_l\genderage.onnx genderage ['None', 3, 96, 96] 0.0 1.0
Applied providers: ['CPUExecutionProvider'], with options: {'CPUExecutionProvider': {}}
find model: C:\Users\Barrul/.insightface\models\buffalo_l\w600k_r50.onnx recognition ['None', 3, 112, 112] 127.5 127.5
set det-size: (640, 640)
C:\Users\Barrul\Documents\Github\openmontage\.venv\Lib\site-packages\insightface\utils\face_align.py:23: FutureWarning: `estimate` is deprecated since version 0.26 and will be removed in version 2.2. Please use `SimilarityTransform.from_estimate` class constructor instead.
  tform.estimate(lmk, dst)
Loading weights:   0%|          | 0/398 [00:00<?, ?it/s]Loading weights: 100%|██████████| 398/398 [00:00<00:00, 31886.71it/s]
C:\Users\Barrul\Documents\Github\openmontage\.venv\Lib\site-packages\insightface\utils\face_align.py:23: FutureWarning: `estimate` is deprecated since version 0.26 and will be removed in version 2.2. Please use `SimilarityTransform.from_estimate` class constructor instead.
  tform.estimate(lmk, dst)

2 candidates in 284s
   1. zImageUltimateNSFW_v20             face 1.00  look 1.00  prompt 0.25  47s
   2. darkBeast30BF16INT8_dbzit9DIMRclaw face 0.78  look 0.95  prompt 0.38  44s

sheet: C:\Users\Barrul\Documents\Github\openmontage\projects\casting-wp2\casting\round_3_sheet.jpg
EXIT=0
